\BOOKMARK [1][-]{section.1}{\376\377\000I\000n\000t\000r\000o\000d\000u\000c\000t\000i\000o\000n}{}% 1
\BOOKMARK [2][-]{subsection.1.1}{\376\377\000W\000h\000y\000\040\000t\000h\000i\000s\000\040\000p\000r\000o\000b\000l\000e\000m}{section.1}% 2
\BOOKMARK [2][-]{subsection.1.2}{\376\377\000W\000h\000a\000t\000\040\000w\000e\000\040\000b\000u\000i\000l\000t}{section.1}% 3
\BOOKMARK [2][-]{subsection.1.3}{\376\377\000W\000h\000y\000\040\000s\000i\000x\000\040\000b\000e\000n\000c\000h\000m\000a\000r\000k\000s\000\040\000i\000n\000s\000t\000e\000a\000d\000\040\000o\000f\000\040\000o\000n\000e\000\040\000`\000`\000b\000e\000s\000t\000'\000'\000\040\000a\000l\000g\000o\000r\000i\000t\000h\000m}{section.1}% 4
\BOOKMARK [2][-]{subsection.1.4}{\376\377\000W\000h\000e\000r\000e\000\040\000t\000o\000\040\000f\000i\000n\000d\000\040\000w\000h\000a\000t\000\040\000i\000n\000\040\000t\000h\000i\000s\000\040\000r\000e\000p\000o\000r\000t}{section.1}% 5
\BOOKMARK [1][-]{section.2}{\376\377\000B\000a\000c\000k\000g\000r\000o\000u\000n\000d}{}% 6
\BOOKMARK [2][-]{subsection.2.1}{\376\377\000C\000o\000n\000s\000t\000r\000a\000i\000n\000e\000d\000\040\000j\000o\000b\000\040\000s\000c\000h\000e\000d\000u\000l\000i\000n\000g}{section.2}% 7
\BOOKMARK [2][-]{subsection.2.2}{\376\377\000O\000p\000t\000i\000m\000a\000l\000\040\000o\000n\000e\000-\000t\000o\000-\000o\000n\000e\000\040\000m\000a\000t\000c\000h\000i\000n\000g\000\040\000\050\000H\000u\000n\000g\000a\000r\000i\000a\000n\000\051}{section.2}% 8
\BOOKMARK [2][-]{subsection.2.3}{\376\377\000P\000i\000c\000k\000i\000n\000g\000\040\000f\000r\000o\000m\000\040\000m\000a\000n\000y\000\040\000c\000a\000n\000d\000i\000d\000a\000t\000e\000s\000\040\000\050\000m\000u\000l\000t\000i\000-\000o\000b\000j\000e\000c\000t\000i\000v\000e\000\051}{section.2}% 9
\BOOKMARK [2][-]{subsection.2.4}{\376\377\000W\000h\000y\000\040\000a\000\040\000l\000i\000s\000t\000\040\000o\000f\000\040\000i\000n\000t\000e\000g\000e\000r\000s\000,\000\040\000n\000o\000t\000\040\000a\000\040\000s\000i\000n\000g\000l\000e\000\040\000n\000u\000m\000b\000e\000r}{section.2}% 10
\BOOKMARK [1][-]{section.3}{\376\377\000P\000r\000o\000b\000l\000e\000m\000\040\000S\000t\000a\000t\000e\000m\000e\000n\000t}{}% 11
\BOOKMARK [2][-]{subsection.3.1}{\376\377\000W\000h\000a\000t\000\040\000w\000e\000\040\000h\000a\000v\000e}{section.3}% 12
\BOOKMARK [2][-]{subsection.3.2}{\376\377\000W\000h\000a\000t\000\040\000`\000`\000a\000\040\000s\000c\000h\000e\000d\000u\000l\000e\000'\000'\000\040\000m\000e\000a\000n\000s}{section.3}% 13
\BOOKMARK [2][-]{subsection.3.3}{\376\377\000W\000h\000a\000t\000\040\000`\000`\000a\000\040\000g\000o\000o\000d\000\040\000s\000c\000h\000e\000d\000u\000l\000e\000'\000'\000\040\000m\000e\000a\000n\000s}{section.3}% 14
\BOOKMARK [2][-]{subsection.3.4}{\376\377\000W\000h\000a\000t\000\040\000w\000e\000\040\000d\000o\000n\000'\000t\000\040\000t\000r\000y\000\040\000t\000o\000\040\000h\000a\000n\000d\000l\000e}{section.3}% 15
\BOOKMARK [1][-]{section.4}{\376\377\000O\000b\000j\000e\000c\000t\000i\000v\000e\000s\000\040\000a\000n\000d\000\040\000C\000o\000n\000t\000r\000i\000b\000u\000t\000i\000o\000n\000s}{}% 16
\BOOKMARK [2][-]{subsection.4.1}{\376\377\000W\000h\000a\000t\000\040\000t\000h\000e\000\040\000p\000r\000o\000j\000e\000c\000t\000\040\000s\000e\000t\000\040\000o\000u\000t\000\040\000t\000o\000\040\000d\000o}{section.4}% 17
\BOOKMARK [2][-]{subsection.4.2}{\376\377\000W\000h\000a\000t\000\040\000t\000h\000i\000s\000\040\000r\000e\000p\000o\000r\000t\000\040\000a\000d\000d\000s}{section.4}% 18
\BOOKMARK [2][-]{subsection.4.3}{\376\377\000O\000u\000t\000\040\000o\000f\000\040\000s\000c\000o\000p\000e}{section.4}% 19
\BOOKMARK [1][-]{section.5}{\376\377\000S\000y\000s\000t\000e\000m\000\040\000A\000r\000c\000h\000i\000t\000e\000c\000t\000u\000r\000e}{}% 20
\BOOKMARK [2][-]{subsection.5.1}{\376\377\000B\000i\000g\000-\000p\000i\000c\000t\000u\000r\000e\000\040\000d\000a\000t\000a\000\040\000f\000l\000o\000w}{section.5}% 21
\BOOKMARK [2][-]{subsection.5.2}{\376\377\000F\000i\000v\000e\000-\000l\000a\000y\000e\000r\000\040\000s\000t\000a\000c\000k}{section.5}% 22
\BOOKMARK [2][-]{subsection.5.3}{\376\377\000M\000o\000d\000u\000l\000e\000\040\000d\000e\000p\000e\000n\000d\000e\000n\000c\000y}{section.5}% 23
\BOOKMARK [2][-]{subsection.5.4}{\376\377\000T\000y\000p\000e\000-\000l\000e\000v\000e\000l\000\040\000s\000u\000m\000m\000a\000r\000y}{section.5}% 24
\BOOKMARK [1][-]{section.6}{\376\377\000M\000e\000t\000h\000o\000d\000o\000l\000o\000g\000y}{}% 25
\BOOKMARK [2][-]{subsection.6.1}{\376\377\000O\000r\000d\000e\000r\000i\000n\000g\000\040\040\024\000\040\000`\000`\000w\000h\000a\000t\000\040\000t\000a\000s\000k\000\040\000n\000e\000x\000t\000?\000'\000'}{section.6}% 26
\BOOKMARK [2][-]{subsection.6.2}{\376\377\000M\000a\000t\000c\000h\000i\000n\000g\000\040\040\024\000\040\000`\000`\000w\000h\000o\000\040\000d\000o\000e\000s\000\040\000t\000h\000e\000\040\000t\000a\000s\000k\000?\000'\000'}{section.6}% 27
\BOOKMARK [2][-]{subsection.6.3}{\376\377\000P\000r\000i\000o\000r\000i\000t\000y\000\040\000k\000e\000y\000\040\040\024\000\040\000t\000h\000e\000\040\000t\000i\000e\000-\000b\000r\000e\000a\000k\000e\000r\000\040\000f\000a\000m\000i\000l\000y}{section.6}% 28
\BOOKMARK [2][-]{subsection.6.4}{\376\377\000P\000i\000c\000k\000i\000n\000g\000\040\000t\000h\000e\000\040\000b\000e\000s\000t\000\040\000s\000c\000h\000e\000d\000u\000l\000e\000\040\000f\000r\000o\000m\000\040\000m\000a\000n\000y}{section.6}% 29
\BOOKMARK [2][-]{subsection.6.5}{\376\377\000C\000a\000p\000a\000c\000i\000t\000y\000\040\000f\000e\000a\000s\000i\000b\000i\000l\000i\000t\000y}{section.6}% 30
\BOOKMARK [1][-]{section.7}{\376\377\000P\000i\000p\000e\000l\000i\000n\000e\000\040\000D\000e\000s\000i\000g\000n}{}% 31
\BOOKMARK [2][-]{subsection.7.1}{\376\377\000S\000t\000a\000g\000e\000\040\000m\000a\000p}{section.7}% 32
\BOOKMARK [2][-]{subsection.7.2}{\376\377\000S\000t\000a\000g\000e\000\040\0001\000\040\040\024\000\040\000L\000o\000a\000d}{section.7}% 33
\BOOKMARK [2][-]{subsection.7.3}{\376\377\000S\000t\000a\000g\000e\000\040\0002\000\040\040\024\000\040\000A\000s\000s\000e\000m\000b\000l\000e}{section.7}% 34
\BOOKMARK [2][-]{subsection.7.4}{\376\377\000S\000t\000a\000g\000e\000\040\0003\000\040\040\024\000\040\000S\000c\000h\000e\000d\000u\000l\000e}{section.7}% 35
\BOOKMARK [2][-]{subsection.7.5}{\376\377\000S\000t\000a\000g\000e\000\040\0004\000\040\040\024\000\040\000E\000v\000a\000l\000u\000a\000t\000e}{section.7}% 36
\BOOKMARK [2][-]{subsection.7.6}{\376\377\000D\000i\000s\000c\000r\000e\000t\000e\000-\000e\000v\000e\000n\000t\000\040\000c\000o\000m\000m\000i\000t\000\040\000s\000e\000m\000a\000n\000t\000i\000c\000s}{section.7}% 37
\BOOKMARK [1][-]{section.8}{\376\377\000D\000a\000t\000a\000\040\000F\000l\000o\000w}{}% 38
\BOOKMARK [2][-]{subsection.8.1}{\376\377\000W\000h\000a\000t\000\040\000g\000o\000e\000s\000\040\000i\000n\000\040\000\050\000a\000b\000b\000r\000e\000v\000i\000a\000t\000e\000d\000\051}{section.8}% 39
\BOOKMARK [2][-]{subsection.8.2}{\376\377\000S\000i\000z\000e\000s\000\040\000a\000f\000t\000e\000r\000\040\000e\000a\000c\000h\000\040\000p\000i\000p\000e\000l\000i\000n\000e\000\040\000s\000t\000a\000g\000e}{section.8}% 40
\BOOKMARK [2][-]{subsection.8.3}{\376\377\000W\000h\000a\000t\000\040\000c\000h\000a\000n\000g\000e\000s\000\040\000d\000u\000r\000i\000n\000g\000\040\000s\000c\000h\000e\000d\000u\000l\000i\000n\000g}{section.8}% 41
\BOOKMARK [2][-]{subsection.8.4}{\376\377\000H\000o\000w\000\040\000r\000u\000n\000s\000\040\000s\000t\000a\000y\000\040\000d\000e\000t\000e\000r\000m\000i\000n\000i\000s\000t\000i\000c}{section.8}% 42
\BOOKMARK [1][-]{section.9}{\376\377\000E\000x\000p\000e\000r\000i\000m\000e\000n\000t\000a\000l\000\040\000S\000e\000t\000u\000p}{}% 43
\BOOKMARK [2][-]{subsection.9.1}{\376\377\000P\000r\000o\000d\000u\000c\000t\000i\000o\000n\000\040\000w\000a\000r\000d}{section.9}% 44
\BOOKMARK [2][-]{subsection.9.2}{\376\377\000B\000u\000i\000l\000d\000\040\000l\000i\000n\000e\000\040\000u\000s\000e\000d\000\040\000f\000o\000r\000\040\000b\000e\000n\000c\000h\000m\000a\000r\000k\000s}{section.9}% 45
\BOOKMARK [2][-]{subsection.9.3}{\376\377\000S\000i\000x\000\040\000b\000e\000n\000c\000h\000\040\000m\000o\000d\000e\000s}{section.9}% 46
\BOOKMARK [2][-]{subsection.9.4}{\376\377\000A\000b\000l\000a\000t\000i\000o\000n\000\040\000m\000a\000t\000r\000i\000x}{section.9}% 47
\BOOKMARK [2][-]{subsection.9.5}{\376\377\000R\000e\000p\000r\000o\000d\000u\000c\000i\000b\000i\000l\000i\000t\000y}{section.9}% 48
\BOOKMARK [1][-]{section.10}{\376\377\000R\000e\000s\000u\000l\000t\000s}{}% 49
\BOOKMARK [2][-]{subsection.10.1}{\376\377\000R\000e\000s\000u\000l\000t\000\040\0001\000\040\040\024\000\040\000F\000C\000F\000S\000\040\000v\000s\000.\000\040\000P\000r\000i\000o\000r\000i\000t\000y\000\040\000\050\000l\000e\000g\000a\000c\000y\000\040\000b\000e\000n\000c\000h\000\051}{section.10}% 50
\BOOKMARK [2][-]{subsection.10.2}{\376\377\000R\000e\000s\000u\000l\000t\000\040\0002\000\040\040\024\000\040\000O\000r\000d\000e\000r\000i\000n\000g\000\040\000v\000s\000.\000\040\000m\000a\000t\000c\000h\000i\000n\000g\000\040\000\050\0002\0002\000\040\000b\000e\000n\000c\000h\000\051}{section.10}% 51
\BOOKMARK [2][-]{subsection.10.3}{\376\377\000R\000e\000s\000u\000l\000t\000\040\0003\000\040\040\024\000\040\000B\000e\000s\000t\000\040\000l\000e\000x\000i\000c\000o\000g\000r\000a\000p\000h\000i\000c\000\040\000p\000r\000i\000o\000r\000i\000t\000y\000\040\000p\000o\000l\000i\000c\000y}{section.10}% 52
\BOOKMARK [2][-]{subsection.10.4}{\376\377\000R\000e\000s\000u\000l\000t\000\040\0004\000\040\040\024\000\040\000F\000a\000i\000r\000n\000e\000s\000s\000\040\000s\000w\000e\000e\000p}{section.10}% 53
\BOOKMARK [2][-]{subsection.10.5}{\376\377\000R\000e\000s\000u\000l\000t\000\040\0005\000\040\040\024\000\040\000P\000e\000r\000-\000a\000c\000u\000i\000t\000y\000\040\000t\000i\000m\000i\000n\000g\000\040\000\050\000u\000r\000g\000e\000n\000c\000y\000\040\000b\000e\000n\000c\000h\000\051}{section.10}% 54
\BOOKMARK [2][-]{subsection.10.6}{\376\377\000R\000e\000s\000u\000l\000t\000\040\0006\000\040\040\024\000\040\000A\000d\000v\000e\000r\000s\000a\000r\000i\000a\000l\000\040\000w\000a\000r\000d\000s}{section.10}% 55
\BOOKMARK [2][-]{subsection.10.7}{\376\377\000R\000e\000c\000o\000m\000m\000e\000n\000d\000e\000d\000\040\000c\000o\000n\000f\000i\000g\000u\000r\000a\000t\000i\000o\000n}{section.10}% 56
\BOOKMARK [1][-]{section.11}{\376\377\000E\000v\000a\000l\000u\000a\000t\000i\000o\000n\000\040\000M\000e\000t\000r\000i\000c\000s}{}% 57
\BOOKMARK [2][-]{subsection.11.1}{\376\377\000W\000h\000a\000t\000\040\000e\000a\000c\000h\000\040\000s\000t\000a\000k\000e\000h\000o\000l\000d\000e\000r\000\040\000c\000a\000r\000e\000s\000\040\000a\000b\000o\000u\000t}{section.11}% 58
\BOOKMARK [2][-]{subsection.11.2}{\376\377\000A\000l\000l\000\040\000m\000e\000t\000r\000i\000c\000s\000\040\000i\000n\000\040\000o\000n\000e\000\040\000t\000a\000b\000l\000e}{section.11}% 59
\BOOKMARK [2][-]{subsection.11.3}{\376\377\000W\000h\000y\000\040\000t\000h\000e\000s\000e\000\040\000s\000p\000e\000c\000i\000f\000i\000c\000\040\000d\000e\000f\000i\000n\000i\000t\000i\000o\000n\000s}{section.11}% 60
\BOOKMARK [1][-]{section.12}{\376\377\000C\000o\000m\000p\000a\000r\000a\000t\000i\000v\000e\000\040\000A\000n\000a\000l\000y\000s\000i\000s}{}% 61
\BOOKMARK [2][-]{subsection.12.1}{\376\377\000G\000r\000e\000e\000d\000y\000\040\000v\000s\000.\000\040\000H\000u\000n\000g\000a\000r\000i\000a\000n\000,\000\040\000h\000e\000a\000d\000-\000t\000o\000-\000h\000e\000a\000d}{section.12}% 62
\BOOKMARK [2][-]{subsection.12.2}{\376\377\000W\000h\000y\000\040\000t\000h\000e\000\040\000t\000e\000x\000t\000b\000o\000o\000k\000\040\000i\000s\000\040\000w\000r\000o\000n\000g\000\040\000h\000e\000r\000e}{section.12}% 63
\BOOKMARK [2][-]{subsection.12.3}{\376\377\000F\000a\000i\000r\000n\000e\000s\000s\000:\000\040\000w\000h\000o\000\040\000c\000a\000r\000r\000i\000e\000s\000\040\000t\000h\000e\000\040\000l\000o\000a\000d\000?}{section.12}% 64
\BOOKMARK [2][-]{subsection.12.4}{\376\377\000W\000h\000y\000\040\000n\000o\000\040\000a\000l\000g\000o\000r\000i\000t\000h\000m\000\040\000c\000a\000n\000\040\000f\000i\000x\000\040\000t\000h\000i\000s}{section.12}% 65
\BOOKMARK [1][-]{section.13}{\376\377\000A\000b\000l\000a\000t\000i\000o\000n\000\040\000S\000t\000u\000d\000i\000e\000s\000\040\000a\000n\000d\000\040\000O\000b\000s\000e\000r\000v\000a\000t\000i\000o\000n\000s}{}% 66
\BOOKMARK [2][-]{subsection.13.1}{\376\377\000V\000a\000r\000y\000\040\000o\000r\000d\000e\000r\000i\000n\000g\000\040\000o\000n\000l\000y}{section.13}% 67
\BOOKMARK [2][-]{subsection.13.2}{\376\377\000V\000a\000r\000y\000\040\000m\000a\000t\000c\000h\000e\000r\000\040\000o\000n\000l\000y}{section.13}% 68
\BOOKMARK [2][-]{subsection.13.3}{\376\377\000V\000a\000r\000y\000\040\000p\000r\000i\000o\000r\000i\000t\000y\000\040\000p\000o\000l\000i\000c\000y\000\040\000o\000n\000l\000y}{section.13}% 69
\BOOKMARK [2][-]{subsection.13.4}{\376\377\000V\000a\000r\000y\000\040\000f\000a\000i\000r\000n\000e\000s\000s\000\040\000k\000n\000o\000b\000\040\000\050\000\051\000\040\000o\000n\000l\000y}{section.13}% 70
\BOOKMARK [2][-]{subsection.13.5}{\376\377\000A\000d\000v\000e\000r\000s\000a\000r\000i\000a\000l\000\040\000s\000c\000e\000n\000a\000r\000i\000o\000s}{section.13}% 71
\BOOKMARK [2][-]{subsection.13.6}{\376\377\000F\000o\000u\000r\000\040\000t\000a\000k\000e\000-\000a\000w\000a\000y\000s}{section.13}% 72
\BOOKMARK [1][-]{section.14}{\376\377\000E\000r\000r\000o\000r\000\040\000A\000n\000a\000l\000y\000s\000i\000s}{}% 73
\BOOKMARK [2][-]{subsection.14.1}{\376\377\000T\000h\000e\000\040\000b\000i\000g\000\040\000r\000e\000g\000r\000e\000s\000s\000i\000o\000n\000:\000\040\000H\000u\000n\000g\000a\000r\000i\000a\000n\000\040\000o\000n\000\040\000c\000r\000i\000t\000i\000c\000a\000l\000\040\000p\000a\000t\000i\000e\000n\000t\000s}{section.14}% 74
\BOOKMARK [2][-]{subsection.14.2}{\376\377\000S\000i\000l\000e\000n\000t\000\040\000t\000a\000s\000k\000\040\000d\000r\000o\000p}{section.14}% 75
\BOOKMARK [2][-]{subsection.14.3}{\376\377\000E\000a\000s\000y\000\040\000m\000i\000s\000t\000a\000k\000e\000s\000\040\000w\000h\000e\000n\000\040\000r\000e\000a\000d\000i\000n\000g\000\040\000b\000e\000n\000c\000h\000e\000s}{section.14}% 76
\BOOKMARK [2][-]{subsection.14.4}{\376\377\000C\000o\000n\000f\000i\000g\000u\000r\000a\000t\000i\000o\000n\000\040\000d\000r\000i\000f\000t\000s\000\040\000c\000a\000u\000g\000h\000t\000\040\000b\000y\000\040\000t\000h\000e\000\040\000b\000e\000n\000c\000h\000\040\000l\000a\000y\000e\000r}{section.14}% 77
\BOOKMARK [2][-]{subsection.14.5}{\376\377\000F\000a\000i\000l\000u\000r\000e\000-\000m\000o\000d\000e\000\040\000s\000u\000m\000m\000a\000r\000y}{section.14}% 78
\BOOKMARK [1][-]{section.15}{\376\377\000E\000n\000g\000i\000n\000e\000e\000r\000i\000n\000g\000\040\000D\000e\000c\000i\000s\000i\000o\000n\000s}{}% 79
\BOOKMARK [1][-]{section.16}{\376\377\000S\000c\000a\000l\000a\000b\000i\000l\000i\000t\000y\000\040\000a\000n\000d\000\040\000P\000e\000r\000f\000o\000r\000m\000a\000n\000c\000e}{}% 80
\BOOKMARK [2][-]{subsection.16.1}{\376\377\000H\000o\000w\000\040\000l\000o\000n\000g\000\040\000e\000a\000c\000h\000\040\000p\000i\000e\000c\000e\000\040\000t\000a\000k\000e\000s}{section.16}% 81
\BOOKMARK [2][-]{subsection.16.2}{\376\377\000W\000a\000l\000l\000-\000c\000l\000o\000c\000k\000\040\000p\000e\000r\000\040\000b\000e\000n\000c\000h\000\040\000m\000o\000d\000e}{section.16}% 82
\BOOKMARK [2][-]{subsection.16.3}{\376\377\000M\000e\000m\000o\000r\000y}{section.16}% 83
\BOOKMARK [2][-]{subsection.16.4}{\376\377\000W\000h\000a\000t\000\040\000s\000c\000a\000l\000i\000n\000g\000\040\000l\000o\000o\000k\000s\000\040\000l\000i\000k\000e}{section.16}% 84
\BOOKMARK [1][-]{section.17}{\376\377\000L\000i\000m\000i\000t\000a\000t\000i\000o\000n\000s}{}% 85
\BOOKMARK [2][-]{subsection.17.1}{\376\377\000W\000h\000a\000t\000\040\000w\000e\000\040\000d\000e\000l\000i\000b\000e\000r\000a\000t\000e\000l\000y\000\040\000d\000i\000d\000\040\000n\000o\000t\000\040\000m\000o\000d\000e\000l}{section.17}% 86
\BOOKMARK [2][-]{subsection.17.2}{\376\377\000E\000n\000g\000i\000n\000e\000e\000r\000i\000n\000g\000\040\000g\000a\000p\000s}{section.17}% 87
\BOOKMARK [2][-]{subsection.17.3}{\376\377\000W\000h\000a\000t\000\040\000t\000h\000e\000\040\000d\000a\000t\000a\000\040\000c\000a\000n\000\040\000a\000n\000d\000\040\000c\000a\000n\000'\000t\000\040\000t\000e\000l\000l\000\040\000u\000s}{section.17}% 88
\BOOKMARK [1][-]{section.18}{\376\377\000F\000u\000t\000u\000r\000e\000\040\000W\000o\000r\000k}{}% 89
\BOOKMARK [2][-]{subsection.18.1}{\376\377\000A\000l\000g\000o\000r\000i\000t\000h\000m}{section.18}% 90
\BOOKMARK [2][-]{subsection.18.2}{\376\377\000E\000n\000g\000i\000n\000e\000e\000r\000i\000n\000g}{section.18}% 91
\BOOKMARK [2][-]{subsection.18.3}{\376\377\000E\000m\000p\000i\000r\000i\000c\000a\000l}{section.18}% 92
\BOOKMARK [1][-]{section.19}{\376\377\000C\000o\000n\000c\000l\000u\000s\000i\000o\000n}{}% 93
\BOOKMARK [2][-]{subsection.19.1}{\376\377\000W\000h\000a\000t\000\040\000w\000a\000s\000\040\000i\000m\000p\000l\000e\000m\000e\000n\000t\000e\000d}{section.19}% 94
\BOOKMARK [2][-]{subsection.19.2}{\376\377\000W\000h\000a\000t\000\040\000t\000h\000e\000\040\000e\000x\000p\000e\000r\000i\000m\000e\000n\000t\000s\000\040\000s\000h\000o\000w\000e\000d}{section.19}% 95
\BOOKMARK [2][-]{subsection.19.3}{\376\377\000C\000l\000o\000s\000i\000n\000g\000\040\000n\000o\000t\000e}{section.19}% 96
\BOOKMARK [1][-]{appendix.A}{\376\377\000C\000o\000m\000m\000a\000n\000d\000-\000l\000i\000n\000e\000\040\000r\000e\000f\000e\000r\000e\000n\000c\000e}{}% 97
\BOOKMARK [2][-]{subsection.A.1}{\376\377\000c\000a\000r\000d\000i\000o\000\137\000s\000c\000h\000e\000d\000u\000l\000e\000r\000\040\040\023\000h\000e\000l\000p}{appendix.A}% 98
\BOOKMARK [2][-]{subsection.A.2}{\376\377\000M\000o\000d\000e\000\040\000d\000i\000s\000p\000a\000t\000c\000h}{appendix.A}% 99
\BOOKMARK [2][-]{subsection.A.3}{\376\377\000D\000a\000t\000a\000-\000d\000i\000r\000e\000c\000t\000o\000r\000y\000\040\000r\000e\000s\000o\000l\000u\000t\000i\000o\000n}{appendix.A}% 100
\BOOKMARK [1][-]{appendix.B}{\376\377\000S\000u\000p\000p\000l\000e\000m\000e\000n\000t\000a\000r\000y\000\040\000N\000o\000t\000e\000s}{}% 101
\BOOKMARK [2][-]{subsection.B.1}{\376\377\000T\000h\000e\000\040\000f\000o\000u\000r\000\040\000a\000d\000v\000e\000r\000s\000a\000r\000i\000a\000l\000\040\000s\000c\000e\000n\000a\000r\000i\000o\000s}{appendix.B}% 102
\BOOKMARK [2][-]{subsection.B.2}{\376\377\000F\000a\000i\000r\000-\000m\000o\000d\000e\000\040\000d\000o\000e\000s\000\040\000w\000o\000r\000k\000\040\040\024\000\040\000h\000e\000r\000e\000'\000s\000\040\000a\000\040\000s\000y\000n\000t\000h\000e\000t\000i\000c\000\040\000c\000h\000e\000c\000k}{appendix.B}% 103
\BOOKMARK [2][-]{subsection.B.3}{\376\377\000P\000e\000r\000-\000w\000o\000r\000k\000e\000r\000\040\000m\000i\000n\000u\000t\000e\000s\000\040\000o\000n\000\040\000t\000h\000e\000\040\000p\000r\000o\000d\000u\000c\000t\000i\000o\000n\000\040\000w\000a\000r\000d}{appendix.B}% 104
\BOOKMARK [2][-]{subsection.B.4}{\376\377\000R\000e\000p\000r\000o\000d\000u\000c\000i\000n\000g\000\040\000t\000h\000e\000\040\000c\000a\000p\000t\000u\000r\000e\000d\000\040\000n\000u\000m\000b\000e\000r\000s}{appendix.B}% 105
\BOOKMARK [2][-]{subsection.B.5}{\376\377\000M\000i\000n\000i\000-\000g\000l\000o\000s\000s\000a\000r\000y}{appendix.B}% 106
